This is XeTeX, Version 3.141592653-2.6-0.999997 (TeX Live 2025) (preloaded format=xelatex 2026.9.23)  23 SEP 2026 13:18
entering extended mode
 restricted \write18 enabled.
 %&-line parsing enabled.
**bookdownproj.tex
(./bookdownproj.tex
LaTeX2e <2025-11-01>
L3 programming layer <2026-01-19>
(c:/Users/behem/AppData/Roaming/TinyTeX/texmf-dist/tex/latex/base/book.cls
Document Class: book 2025/01/22 v1.4n Standard LaTeX document class
(c:/Users/behem/AppData/Roaming/TinyTeX/texmf-dist/tex/latex/base/bk10.clo
File: bk10.clo 2025/01/22 v1.4n Standard LaTeX file (size option)
)
\c@part=\count271
\c@chapter=\count272
\c@section=\count273
\c@subsection=\count274
\c@subsubsection=\count275
\c@paragraph=\count276
\c@subparagraph=\count277
\c@figure=\count278
\c@table=\count279
\abovecaptionskip=\skip49
\belowcaptionskip=\skip50
\bibindent=\dimen148
) (c:/Users/behem/AppData/Roaming/TinyTeX/texmf-dist/tex/latex/xcolor/xcolor.sty
Package: xcolor 2024/09/29 v3.02 LaTeX color extensions (UK)
(c:/Users/behem/AppData/Roaming/TinyTeX/texmf-dist/tex/latex/graphics-cfg/color.cfg
File: color.cfg 2016/01/02 v1.6 sample color configuration
)
Package xcolor Info: Driver file: xetex.def on input line 274.
(c:/Users/behem/AppData/Roaming/TinyTeX/texmf-dist/tex/latex/graphics-def/xetex.def
File: xetex.def 2025/11/01 v5.0p Graphics/color driver for xetex
) (c:/Users/behem/AppData/Roaming/TinyTeX/texmf-dist/tex/latex/graphics/mathcolor.ltx)
Package xcolor Info: Model `cmy' substituted by `cmy0' on input line 1349.
Package xcolor Info: Model `RGB' extended on input line 1365.
Package xcolor Info: Model `HTML' substituted by `rgb' on input line 1367.
Package xcolor Info: Model `Hsb' substituted by `hsb' on input line 1368.
Package xcolor Info: Model `tHsb' substituted by `hsb' on input line 1369.
Package xcolor Info: Model `HSB' substituted by `hsb' on input line 1370.
Package xcolor Info: Model `Gray' substituted by `gray' on input line 1371.
Package xcolor Info: Model `wave' substituted by `hsb' on input line 1372.
) (c:/Users/behem/AppData/Roaming/TinyTeX/texmf-dist/tex/latex/amsmath/amsmath.sty
Package: amsmath 2025/07/09 v2.17z AMS math features
\@mathmargin=\skip51
For additional information on amsmath, use the `?' option.
(c:/Users/behem/AppData/Roaming/TinyTeX/texmf-dist/tex/latex/amsmath/amstext.sty
Package: amstext 2024/11/17 v2.01 AMS text
(c:/Users/behem/AppData/Roaming/TinyTeX/texmf-dist/tex/latex/amsmath/amsgen.sty
File: amsgen.sty 1999/11/30 v2.0 generic functions
\@emptytoks=\toks17
\ex@=\dimen149
)) (c:/Users/behem/AppData/Roaming/TinyTeX/texmf-dist/tex/latex/amsmath/amsbsy.sty
Package: amsbsy 1999/11/29 v1.2d Bold Symbols
\pmbraise@=\dimen150
) (c:/Users/behem/AppData/Roaming/TinyTeX/texmf-dist/tex/latex/amsmath/amsopn.sty
Package: amsopn 2022/04/08 v2.04 operator names
)
\inf@bad=\count280
LaTeX Info: Redefining \frac on input line 233.
\uproot@=\count281
\leftroot@=\count282
LaTeX Info: Redefining \overline on input line 398.
LaTeX Info: Redefining \colon on input line 409.
\classnum@=\count283
\DOTSCASE@=\count284
LaTeX Info: Redefining \ldots on input line 495.
LaTeX Info: Redefining \dots on input line 498.
LaTeX Info: Redefining \cdots on input line 619.
\Mathstrutbox@=\box53
\strutbox@=\box54
LaTeX Info: Redefining \big on input line 721.
LaTeX Info: Redefining \Big on input line 722.
LaTeX Info: Redefining \bigg on input line 723.
LaTeX Info: Redefining \Bigg on input line 724.
\big@size=\dimen151
LaTeX Font Info:    Redeclaring font encoding OML on input line 742.
LaTeX Font Info:    Redeclaring font encoding OMS on input line 743.
\macc@depth=\count285
LaTeX Info: Redefining \bmod on input line 904.
LaTeX Info: Redefining \pmod on input line 909.
LaTeX Info: Redefining \smash on input line 939.
LaTeX Info: Redefining \relbar on input line 969.
LaTeX Info: Redefining \Relbar on input line 970.
\c@MaxMatrixCols=\count286
\dotsspace@=\muskip17
\c@parentequation=\count287
\dspbrk@lvl=\count288
\tag@help=\toks18
\row@=\count289
\column@=\count290
\maxfields@=\count291
\andhelp@=\toks19
\eqnshift@=\dimen152
\alignsep@=\dimen153
\tagshift@=\dimen154
\tagwidth@=\dimen155
\totwidth@=\dimen156
\lineht@=\dimen157
\@envbody=\toks20
\multlinegap=\skip52
\multlinetaggap=\skip53
\mathdisplay@stack=\toks21
LaTeX Info: Redefining \[ on input line 2950.
LaTeX Info: Redefining \] on input line 2951.
) (c:/Users/behem/AppData/Roaming/TinyTeX/texmf-dist/tex/latex/amsfonts/amssymb.sty
Package: amssymb 2013/01/14 v3.01 AMS font symbols
(c:/Users/behem/AppData/Roaming/TinyTeX/texmf-dist/tex/latex/amsfonts/amsfonts.sty
Package: amsfonts 2013/01/14 v3.01 Basic AMSFonts support
\symAMSa=\mathgroup4
\symAMSb=\mathgroup5
LaTeX Font Info:    Redeclaring math symbol \hbar on input line 98.
LaTeX Font Info:    Overwriting math alphabet `\mathfrak' in version `bold'
(Font)                  U/euf/m/n --> U/euf/b/n on input line 106.
)) (c:/Users/behem/AppData/Roaming/TinyTeX/texmf-dist/tex/generic/iftex/iftex.sty
Package: iftex 2024/12/12 v1.0g TeX engine tests
) (c:/Users/behem/AppData/Roaming/TinyTeX/texmf-dist/tex/latex/unicode-math/unicode-math.sty (c:/Users/behem/AppData/Roaming/TinyTeX/texmf-dist/tex/latex/l3kernel/expl3.sty
Package: expl3 2026-01-19 L3 programming layer (loader) 
(c:/Users/behem/AppData/Roaming/TinyTeX/texmf-dist/tex/latex/l3backend/l3backend-xetex.def
File: l3backend-xetex.def 2025-10-09 L3 backend support: XeTeX
\g__graphics_track_int=\count292
\g__pdfannot_backend_int=\count293
\g__pdfannot_backend_link_int=\count294
))
Package: unicode-math 2023/08/13 v0.8r Unicode maths in XeLaTeX and LuaLaTeX
(c:/Users/behem/AppData/Roaming/TinyTeX/texmf-dist/tex/latex/unicode-math/unicode-math-xetex.sty
Package: unicode-math-xetex 2023/08/13 v0.8r Unicode maths in XeLaTeX and LuaLaTeX
(c:/Users/behem/AppData/Roaming/TinyTeX/texmf-dist/tex/latex/l3packages/xparse/xparse.sty
Package: xparse 2025-10-09 L3 Experimental document command parser
) (c:/Users/behem/AppData/Roaming/TinyTeX/texmf-dist/tex/latex/l3packages/l3keys2e/l3keys2e.sty
Package: l3keys2e 2025-10-09 LaTeX2e option processing using LaTeX3 keys
) (c:/Users/behem/AppData/Roaming/TinyTeX/texmf-dist/tex/latex/fontspec/fontspec.sty
Package: fontspec 2025/09/29 v2.9g Font selection for XeLaTeX and LuaLaTeX
(c:/Users/behem/AppData/Roaming/TinyTeX/texmf-dist/tex/latex/fontspec/fontspec-xetex.sty
Package: fontspec-xetex 2025/09/29 v2.9g Font selection for XeLaTeX and LuaLaTeX
\l__fontspec_script_int=\count295
\l__fontspec_language_int=\count296
\l__fontspec_strnum_int=\count297
\l__fontspec_tmp_int=\count298
\l__fontspec_tmpa_int=\count299
\l__fontspec_tmpb_int=\count300
\l__fontspec_tmpc_int=\count301
\l__fontspec_em_int=\count302
\l__fontspec_emdef_int=\count303
\l__fontspec_strong_int=\count304
\l__fontspec_strongdef_int=\count305
\l__fontspec_tmpa_dim=\dimen158
\l__fontspec_tmpb_dim=\dimen159
\l__fontspec_tmpc_dim=\dimen160
(c:/Users/behem/AppData/Roaming/TinyTeX/texmf-dist/tex/latex/base/fontenc.sty
Package: fontenc 2025/07/18 v2.1d Standard LaTeX package
) (c:/Users/behem/AppData/Roaming/TinyTeX/texmf-dist/tex/latex/fontspec/fontspec.cfg))) (c:/Users/behem/AppData/Roaming/TinyTeX/texmf-dist/tex/latex/base/fix-cm.sty
Package: fix-cm 2020/11/24 v1.1t fixes to LaTeX
(c:/Users/behem/AppData/Roaming/TinyTeX/texmf-dist/tex/latex/base/ts1enc.def
File: ts1enc.def 2001/06/05 v3.0e (jk/car/fm) Standard LaTeX file
LaTeX Font Info:    Redeclaring font encoding TS1 on input line 47.
LaTeX Encoding Info:    Redeclaring text command \capitalcedilla (encoding TS1) on input line 49.
LaTeX Encoding Info:    Redeclaring text command \capitalogonek (encoding TS1) on input line 52.
LaTeX Encoding Info:    Redeclaring text command \capitalgrave (encoding TS1) on input line 55.
LaTeX Encoding Info:    Redeclaring text command \capitalacute (encoding TS1) on input line 56.
LaTeX Encoding Info:    Redeclaring text command \capitalcircumflex (encoding TS1) on input line 57.
LaTeX Encoding Info:    Redeclaring text command \capitaltilde (encoding TS1) on input line 58.
LaTeX Encoding Info:    Redeclaring text command \capitaldieresis (encoding TS1) on input line 59.
LaTeX Encoding Info:    Redeclaring text command \capitalhungarumlaut (encoding TS1) on input line 60.
LaTeX Encoding Info:    Redeclaring text command \capitalring (encoding TS1) on input line 61.
LaTeX Encoding Info:    Redeclaring text command \capitalcaron (encoding TS1) on input line 62.
LaTeX Encoding Info:    Redeclaring text command \capitalbreve (encoding TS1) on input line 63.
LaTeX Encoding Info:    Redeclaring text command \capitalmacron (encoding TS1) on input line 64.
LaTeX Encoding Info:    Redeclaring text command \capitaldotaccent (encoding TS1) on input line 65.
LaTeX Encoding Info:    Redeclaring text command \t (encoding TS1) on input line 66.
LaTeX Encoding Info:    Redeclaring text command \capitaltie (encoding TS1) on input line 67.
LaTeX Encoding Info:    Redeclaring text command \newtie (encoding TS1) on input line 68.
LaTeX Encoding Info:    Redeclaring text command \capitalnewtie (encoding TS1) on input line 69.
LaTeX Encoding Info:    Redeclaring text symbol \textcapitalcompwordmark (encoding TS1) on input line 70.
LaTeX Encoding Info:    Redeclaring text symbol \textascendercompwordmark (encoding TS1) on input line 71.
LaTeX Encoding Info:    Redeclaring text symbol \textquotestraightbase (encoding TS1) on input line 72.
LaTeX Encoding Info:    Redeclaring text symbol \textquotestraightdblbase (encoding TS1) on input line 73.
LaTeX Encoding Info:    Redeclaring text symbol \texttwelveudash (encoding TS1) on input line 74.
LaTeX Encoding Info:    Redeclaring text symbol \textthreequartersemdash (encoding TS1) on input line 75.
LaTeX Encoding Info:    Redeclaring text symbol \textleftarrow (encoding TS1) on input line 76.
LaTeX Encoding Info:    Redeclaring text symbol \textrightarrow (encoding TS1) on input line 77.
LaTeX Encoding Info:    Redeclaring text symbol \textblank (encoding TS1) on input line 78.
LaTeX Encoding Info:    Redeclaring text symbol \textdollar (encoding TS1) on input line 79.
LaTeX Encoding Info:    Redeclaring text symbol \textquotesingle (encoding TS1) on input line 80.
LaTeX Encoding Info:    Redeclaring text command \textasteriskcentered (encoding TS1) on input line 81.
LaTeX Encoding Info:    Redeclaring text symbol \textdblhyphen (encoding TS1) on input line 92.
LaTeX Encoding Info:    Redeclaring text symbol \textfractionsolidus (encoding TS1) on input line 93.
LaTeX Encoding Info:    Redeclaring text symbol \textzerooldstyle (encoding TS1) on input line 94.
LaTeX Encoding Info:    Redeclaring text symbol \textoneoldstyle (encoding TS1) on input line 95.
LaTeX Encoding Info:    Redeclaring text symbol \texttwooldstyle (encoding TS1) on input line 96.
LaTeX Encoding Info:    Redeclaring text symbol \textthreeoldstyle (encoding TS1) on input line 97.
LaTeX Encoding Info:    Redeclaring text symbol \textfouroldstyle (encoding TS1) on input line 98.
LaTeX Encoding Info:    Redeclaring text symbol \textfiveoldstyle (encoding TS1) on input line 99.
LaTeX Encoding Info:    Redeclaring text symbol \textsixoldstyle (encoding TS1) on input line 100.
LaTeX Encoding Info:    Redeclaring text symbol \textsevenoldstyle (encoding TS1) on input line 101.
LaTeX Encoding Info:    Redeclaring text symbol \texteightoldstyle (encoding TS1) on input line 102.
LaTeX Encoding Info:    Redeclaring text symbol \textnineoldstyle (encoding TS1) on input line 103.
LaTeX Encoding Info:    Redeclaring text symbol \textlangle (encoding TS1) on input line 104.
LaTeX Encoding Info:    Redeclaring text symbol \textminus (encoding TS1) on input line 105.
LaTeX Encoding Info:    Redeclaring text symbol \textrangle (encoding TS1) on input line 106.
LaTeX Encoding Info:    Redeclaring text symbol \textmho (encoding TS1) on input line 107.
LaTeX Encoding Info:    Redeclaring text symbol \textbigcircle (encoding TS1) on input line 108.
LaTeX Encoding Info:    Redeclaring text command \textcircled (encoding TS1) on input line 109.
LaTeX Encoding Info:    Redeclaring text symbol \textohm (encoding TS1) on input line 115.
LaTeX Encoding Info:    Redeclaring text symbol \textlbrackdbl (encoding TS1) on input line 116.
LaTeX Encoding Info:    Redeclaring text symbol \textrbrackdbl (encoding TS1) on input line 117.
LaTeX Encoding Info:    Redeclaring text symbol \textuparrow (encoding TS1) on input line 118.
LaTeX Encoding Info:    Redeclaring text symbol \textdownarrow (encoding TS1) on input line 119.
LaTeX Encoding Info:    Redeclaring text symbol \textasciigrave (encoding TS1) on input line 120.
LaTeX Encoding Info:    Redeclaring text symbol \textborn (encoding TS1) on input line 121.
LaTeX Encoding Info:    Redeclaring text symbol \textdivorced (encoding TS1) on input line 122.
LaTeX Encoding Info:    Redeclaring text symbol \textdied (encoding TS1) on input line 123.
LaTeX Encoding Info:    Redeclaring text symbol \textleaf (encoding TS1) on input line 124.
LaTeX Encoding Info:    Redeclaring text symbol \textmarried (encoding TS1) on input line 125.
LaTeX Encoding Info:    Redeclaring text symbol \textmusicalnote (encoding TS1) on input line 126.
LaTeX Encoding Info:    Redeclaring text symbol \texttildelow (encoding TS1) on input line 127.
LaTeX Encoding Info:    Redeclaring text symbol \textdblhyphenchar (encoding TS1) on input line 128.
LaTeX Encoding Info:    Redeclaring text symbol \textasciibreve (encoding TS1) on input line 129.
LaTeX Encoding Info:    Redeclaring text symbol \textasciicaron (encoding TS1) on input line 130.
LaTeX Encoding Info:    Redeclaring text symbol \textacutedbl (encoding TS1) on input line 131.
LaTeX Encoding Info:    Redeclaring text symbol \textgravedbl (encoding TS1) on input line 132.
LaTeX Encoding Info:    Redeclaring text symbol \textdagger (encoding TS1) on input line 133.
LaTeX Encoding Info:    Redeclaring text symbol \textdaggerdbl (encoding TS1) on input line 134.
LaTeX Encoding Info:    Redeclaring text symbol \textbardbl (encoding TS1) on input line 135.
LaTeX Encoding Info:    Redeclaring text symbol \textperthousand (encoding TS1) on input line 136.
LaTeX Encoding Info:    Redeclaring text symbol \textbullet (encoding TS1) on input line 137.
LaTeX Encoding Info:    Redeclaring text symbol \textcelsius (encoding TS1) on input line 138.
LaTeX Encoding Info:    Redeclaring text symbol \textdollaroldstyle (encoding TS1) on input line 139.
LaTeX Encoding Info:    Redeclaring text symbol \textcentoldstyle (encoding TS1) on input line 140.
LaTeX Encoding Info:    Redeclaring text symbol \textflorin (encoding TS1) on input line 141.
LaTeX Encoding Info:    Redeclaring text symbol \textcolonmonetary (encoding TS1) on input line 142.
LaTeX Encoding Info:    Redeclaring text symbol \textwon (encoding TS1) on input line 143.
LaTeX Encoding Info:    Redeclaring text symbol \textnaira (encoding TS1) on input line 144.
LaTeX Encoding Info:    Redeclaring text symbol \textguarani (encoding TS1) on input line 145.
LaTeX Encoding Info:    Redeclaring text symbol \textpeso (encoding TS1) on input line 146.
LaTeX Encoding Info:    Redeclaring text symbol \textlira (encoding TS1) on input line 147.
LaTeX Encoding Info:    Redeclaring text symbol \textrecipe (encoding TS1) on input line 148.
LaTeX Encoding Info:    Redeclaring text symbol \textinterrobang (encoding TS1) on input line 149.
LaTeX Encoding Info:    Redeclaring text symbol \textinterrobangdown (encoding TS1) on input line 150.
LaTeX Encoding Info:    Redeclaring text symbol \textdong (encoding TS1) on input line 151.
LaTeX Encoding Info:    Redeclaring text symbol \texttrademark (encoding TS1) on input line 152.
LaTeX Encoding Info:    Redeclaring text symbol \textpertenthousand (encoding TS1) on input line 153.
LaTeX Encoding Info:    Redeclaring text symbol \textpilcrow (encoding TS1) on input line 154.
LaTeX Encoding Info:    Redeclaring text symbol \textbaht (encoding TS1) on input line 155.
LaTeX Encoding Info:    Redeclaring text symbol \textnumero (encoding TS1) on input line 156.
LaTeX Encoding Info:    Redeclaring text symbol \textdiscount (encoding TS1) on input line 157.
LaTeX Encoding Info:    Redeclaring text symbol \textestimated (encoding TS1) on input line 158.
LaTeX Encoding Info:    Redeclaring text symbol \textopenbullet (encoding TS1) on input line 159.
LaTeX Encoding Info:    Redeclaring text symbol \textservicemark (encoding TS1) on input line 160.
LaTeX Encoding Info:    Redeclaring text symbol \textlquill (encoding TS1) on input line 161.
LaTeX Encoding Info:    Redeclaring text symbol \textrquill (encoding TS1) on input line 162.
LaTeX Encoding Info:    Redeclaring text symbol \textcent (encoding TS1) on input line 163.
LaTeX Encoding Info:    Redeclaring text symbol \textsterling (encoding TS1) on input line 164.
LaTeX Encoding Info:    Redeclaring text symbol \textcurrency (encoding TS1) on input line 165.
LaTeX Encoding Info:    Redeclaring text symbol \textyen (encoding TS1) on input line 166.
LaTeX Encoding Info:    Redeclaring text symbol \textbrokenbar (encoding TS1) on input line 167.
LaTeX Encoding Info:    Redeclaring text symbol \textsection (encoding TS1) on input line 168.
LaTeX Encoding Info:    Redeclaring text symbol \textasciidieresis (encoding TS1) on input line 169.
LaTeX Encoding Info:    Redeclaring text symbol \textcopyright (encoding TS1) on input line 170.
LaTeX Encoding Info:    Redeclaring text symbol \textordfeminine (encoding TS1) on input line 171.
LaTeX Encoding Info:    Redeclaring text symbol \textcopyleft (encoding TS1) on input line 172.
LaTeX Encoding Info:    Redeclaring text symbol \textlnot (encoding TS1) on input line 173.
LaTeX Encoding Info:    Redeclaring text symbol \textcircledP (encoding TS1) on input line 174.
LaTeX Encoding Info:    Redeclaring text symbol \textregistered (encoding TS1) on input line 175.
LaTeX Encoding Info:    Redeclaring text symbol \textasciimacron (encoding TS1) on input line 176.
LaTeX Encoding Info:    Redeclaring text symbol \textdegree (encoding TS1) on input line 177.
LaTeX Encoding Info:    Redeclaring text symbol \textpm (encoding TS1) on input line 178.
LaTeX Encoding Info:    Redeclaring text symbol \texttwosuperior (encoding TS1) on input line 179.
LaTeX Encoding Info:    Redeclaring text symbol \textthreesuperior (encoding TS1) on input line 180.
LaTeX Encoding Info:    Redeclaring text symbol \textasciiacute (encoding TS1) on input line 181.
LaTeX Encoding Info:    Redeclaring text symbol \textmu (encoding TS1) on input line 182.
LaTeX Encoding Info:    Redeclaring text symbol \textparagraph (encoding TS1) on input line 183.
LaTeX Encoding Info:    Redeclaring text symbol \textperiodcentered (encoding TS1) on input line 184.
LaTeX Encoding Info:    Redeclaring text symbol \textreferencemark (encoding TS1) on input line 185.
LaTeX Encoding Info:    Redeclaring text symbol \textonesuperior (encoding TS1) on input line 186.
LaTeX Encoding Info:    Redeclaring text symbol \textordmasculine (encoding TS1) on input line 187.
LaTeX Encoding Info:    Redeclaring text symbol \textsurd (encoding TS1) on input line 188.
LaTeX Encoding Info:    Redeclaring text symbol \textonequarter (encoding TS1) on input line 189.
LaTeX Encoding Info:    Redeclaring text symbol \textonehalf (encoding TS1) on input line 190.
LaTeX Encoding Info:    Redeclaring text symbol \textthreequarters (encoding TS1) on input line 191.
LaTeX Encoding Info:    Redeclaring text symbol \texteuro (encoding TS1) on input line 192.
LaTeX Encoding Info:    Redeclaring text symbol \texttimes (encoding TS1) on input line 193.
LaTeX Encoding Info:    Redeclaring text symbol \textdiv (encoding TS1) on input line 194.
))
\g__um_fam_int=\count306
\g__um_fonts_used_int=\count307
\l__um_primecount_int=\count308
\g__um_primekern_muskip=\muskip18
(c:/Users/behem/AppData/Roaming/TinyTeX/texmf-dist/tex/latex/unicode-math/unicode-math-table.tex))) (c:/Users/behem/AppData/Roaming/TinyTeX/texmf-dist/tex/latex/lm/lmodern.sty
Package: lmodern 2015/05/01 v1.6.1 Latin Modern Fonts
LaTeX Font Info:    Overwriting symbol font `operators' in version `normal'
(Font)                  OT1/cmr/m/n --> OT1/lmr/m/n on input line 22.
LaTeX Font Info:    Overwriting symbol font `letters' in version `normal'
(Font)                  OML/cmm/m/it --> OML/lmm/m/it on input line 23.
LaTeX Font Info:    Overwriting symbol font `symbols' in version `normal'
(Font)                  OMS/cmsy/m/n --> OMS/lmsy/m/n on input line 24.
LaTeX Font Info:    Overwriting symbol font `largesymbols' in version `normal'
(Font)                  OMX/cmex/m/n --> OMX/lmex/m/n on input line 25.
LaTeX Font Info:    Overwriting symbol font `operators' in version `bold'
(Font)                  OT1/cmr/bx/n --> OT1/lmr/bx/n on input line 26.
LaTeX Font Info:    Overwriting symbol font `letters' in version `bold'
(Font)                  OML/cmm/b/it --> OML/lmm/b/it on input line 27.
LaTeX Font Info:    Overwriting symbol font `symbols' in version `bold'
(Font)                  OMS/cmsy/b/n --> OMS/lmsy/b/n on input line 28.
LaTeX Font Info:    Overwriting symbol font `largesymbols' in version `bold'
(Font)                  OMX/cmex/m/n --> OMX/lmex/m/n on input line 29.
LaTeX Font Info:    Overwriting math alphabet `\mathbf' in version `normal'
(Font)                  OT1/cmr/bx/n --> OT1/lmr/bx/n on input line 31.
LaTeX Font Info:    Overwriting math alphabet `\mathsf' in version `normal'
(Font)                  OT1/cmss/m/n --> OT1/lmss/m/n on input line 32.
LaTeX Font Info:    Overwriting math alphabet `\mathit' in version `normal'
(Font)                  OT1/cmr/m/it --> OT1/lmr/m/it on input line 33.
LaTeX Font Info:    Overwriting math alphabet `\mathtt' in version `normal'
(Font)                  OT1/cmtt/m/n --> OT1/lmtt/m/n on input line 34.
LaTeX Font Info:    Overwriting math alphabet `\mathbf' in version `bold'
(Font)                  OT1/cmr/bx/n --> OT1/lmr/bx/n on input line 35.
LaTeX Font Info:    Overwriting math alphabet `\mathsf' in version `bold'
(Font)                  OT1/cmss/bx/n --> OT1/lmss/bx/n on input line 36.
LaTeX Font Info:    Overwriting math alphabet `\mathit' in version `bold'
(Font)                  OT1/cmr/bx/it --> OT1/lmr/bx/it on input line 37.
LaTeX Font Info:    Overwriting math alphabet `\mathtt' in version `bold'
(Font)                  OT1/cmtt/m/n --> OT1/lmtt/m/n on input line 38.
) (c:/Users/behem/AppData/Roaming/TinyTeX/texmf-dist/tex/latex/tools/longtable.sty
Package: longtable 2025-10-13 v4.24 Multi-page Table package (DPC)
\LTleft=\skip54
\LTright=\skip55
\LTpre=\skip56
\LTpost=\skip57
\LTchunksize=\count309
\LTcapwidth=\dimen161
\LT@head=\box55
\LT@firsthead=\box56
\LT@foot=\box57
\LT@lastfoot=\box58
\LT@gbox=\box59
\LT@cols=\count310
\LT@rows=\count311
\c@LT@tables=\count312
\c@LT@chunks=\count313
\LT@p@ftn=\toks22
) (c:/Users/behem/AppData/Roaming/TinyTeX/texmf-dist/tex/latex/booktabs/booktabs.sty
Package: booktabs 2020/01/12 v1.61803398 Publication quality tables
\heavyrulewidth=\dimen162
\lightrulewidth=\dimen163
\cmidrulewidth=\dimen164
\belowrulesep=\dimen165
\belowbottomsep=\dimen166
\aboverulesep=\dimen167
\abovetopsep=\dimen168
\cmidrulesep=\dimen169
\cmidrulekern=\dimen170
\defaultaddspace=\dimen171
\@cmidla=\count314
\@cmidlb=\count315
\@aboverulesep=\dimen172
\@belowrulesep=\dimen173
\@thisruleclass=\count316
\@lastruleclass=\count317
\@thisrulewidth=\dimen174
) (c:/Users/behem/AppData/Roaming/TinyTeX/texmf-dist/tex/latex/tools/array.sty
Package: array 2025/09/25 v2.6n Tabular extension package (FMi)
\col@sep=\dimen175
\ar@mcellbox=\box60
\extrarowheight=\dimen176
\NC@list=\toks23
\extratabsurround=\skip58
\backup@length=\skip59
\ar@cellbox=\box61
)
\c@none=\count318
(c:/Users/behem/AppData/Roaming/TinyTeX/texmf-dist/tex/latex/tools/calc.sty
Package: calc 2025/03/01 v4.3b Infix arithmetic (KKT,FJ)
\calc@Acount=\count319
\calc@Bcount=\count320
\calc@Adimen=\dimen177
\calc@Bdimen=\dimen178
\calc@Askip=\skip60
\calc@Bskip=\skip61
LaTeX Info: Redefining \setlength on input line 86.
LaTeX Info: Redefining \addtolength on input line 87.
\calc@Ccount=\count321
\calc@Cskip=\skip62
) (c:/Users/behem/AppData/Roaming/TinyTeX/texmf-dist/tex/latex/etoolbox/etoolbox.sty
Package: etoolbox 2025/10/02 v2.5m e-TeX tools for LaTeX (JAW)
\etb@tempcnta=\count322
) (c:/Users/behem/AppData/Roaming/TinyTeX/texmf-dist/tex/latex/mdwtools/footnote.sty
Package: footnote 1997/01/28 1.13 Save footnotes around boxes
\fn@notes=\box62
\fn@width=\dimen179
) (c:/Users/behem/AppData/Roaming/TinyTeX/texmf-dist/tex/latex/graphics/graphicx.sty
Package: graphicx 2024/12/31 v1.2e Enhanced LaTeX Graphics (DPC,SPQR)
(c:/Users/behem/AppData/Roaming/TinyTeX/texmf-dist/tex/latex/graphics/keyval.sty
Package: keyval 2022/05/29 v1.15 key=value parser (DPC)
\KV@toks@=\toks24
) (c:/Users/behem/AppData/Roaming/TinyTeX/texmf-dist/tex/latex/graphics/graphics.sty
Package: graphics 2024/08/06 v1.4g Standard LaTeX Graphics (DPC,SPQR)
(c:/Users/behem/AppData/Roaming/TinyTeX/texmf-dist/tex/latex/graphics/trig.sty
Package: trig 2023/12/02 v1.11 sin cos tan (DPC)
) (c:/Users/behem/AppData/Roaming/TinyTeX/texmf-dist/tex/latex/graphics-cfg/graphics.cfg
File: graphics.cfg 2016/06/04 v1.11 sample graphics configuration
)
Package graphics Info: Driver file: xetex.def on input line 106.
)
\Gin@req@height=\dimen180
\Gin@req@width=\dimen181
)
\pandoc@box=\box63
\cslhangindent=\skip63
\csllabelwidth=\skip64
File: preamble.tex 
(c:/Users/behem/AppData/Roaming/TinyTeX/texmf-dist/tex/generic/babel/babel.sty
Package: babel 2026/02/14 v26.3 The multilingual framework for LuaLaTeX, pdfLaTeX and XeLaTeX
\babel@savecnt=\count323
LaTeX Encoding Info:    Redeclaring text command \ij (encoding OT1) on input line 2078.
LaTeX Encoding Info:    Redeclaring text command \IJ (encoding OT1) on input line 2080.
LaTeX Encoding Info:    Redeclaring text command \ij (encoding T1) on input line 2082.
LaTeX Encoding Info:    Redeclaring text command \IJ (encoding T1) on input line 2083.
LaTeX Encoding Info:    Ignoring declaration for text command \ij (encoding ?) on input line 2084.
LaTeX Encoding Info:    Ignoring declaration for text command \IJ (encoding ?) on input line 2086.
LaTeX Encoding Info:    Ignoring declaration for text command \SS (encoding ?) on input line 2111.
\U@D=\dimen182
\l@unhyphenated=\language4
(c:/Users/behem/AppData/Roaming/TinyTeX/texmf-dist/tex/generic/babel/xebabel.def)
\bbl@readstream=\read2
\bbl@dirlevel=\count324
(c:/Users/behem/AppData/Roaming/TinyTeX/texmf-dist/tex/generic/babel/locale/es/babel-spanish.tex)
Package babel Info: Importing font and identification data for spanish
(babel)             from babel-es.ini. Reported on input line 4330.
(c:/Users/behem/AppData/Roaming/TinyTeX/texmf-dist/tex/generic/babel-spanish/spanish.ldf
Language: spanish.ldf 2021/05/27 v5.0q Spanish support from the babel system
\es@quottoks=\toks25
\es@quotdepth=\count325
Package babel Info: Making " an active character on input line 570.
Package babel Info: Making < an active character on input line 722.
Package babel Info: Making > an active character on input line 722.
))
LaTeX Encoding Info:    Redeclaring text command \guillemotleft (encoding OT1) on input line 107.
LaTeX Encoding Info:    Redeclaring text command \guillemotright (encoding OT1) on input line 107.
(c:/Users/behem/AppData/Roaming/TinyTeX/texmf-dist/tex/latex/base/inputenc.sty
Package: inputenc 2024/02/08 v1.3d Input encoding file
\inpenc@prehook=\toks26
\inpenc@posthook=\toks27

Package inputenc Warning: inputenc package ignored with utf8 based engines.

) (c:/Users/behem/AppData/Roaming/TinyTeX/texmf-dist/tex/latex/base/fontenc.sty
Package: fontenc 2025/07/18 v2.1d Standard LaTeX package
LaTeX Font Info:    Trying to load font information for T1+lmr on input line 116.
(c:/Users/behem/AppData/Roaming/TinyTeX/texmf-dist/tex/latex/lm/t1lmr.fd
File: t1lmr.fd 2015/05/01 v1.6.1 Font defs for Latin Modern
)) (c:/Users/behem/AppData/Roaming/TinyTeX/texmf-dist/tex/latex/geometry/geometry.sty
Package: geometry 2020/01/02 v5.9 Page Geometry
(c:/Users/behem/AppData/Roaming/TinyTeX/texmf-dist/tex/generic/iftex/ifvtex.sty
Package: ifvtex 2019/10/25 v1.7 ifvtex legacy package. Use iftex instead.
)
\Gm@cnth=\count326
\Gm@cntv=\count327
\c@Gm@tempcnt=\count328
\Gm@bindingoffset=\dimen183
\Gm@wd@mp=\dimen184
\Gm@odd@mp=\dimen185
\Gm@even@mp=\dimen186
\Gm@layoutwidth=\dimen187
\Gm@layoutheight=\dimen188
\Gm@layouthoffset=\dimen189
\Gm@layoutvoffset=\dimen190
\Gm@dimlist=\toks28
) (c:/Users/behem/AppData/Roaming/TinyTeX/texmf-dist/tex/latex/fancyhdr/fancyhdr.sty
Package: fancyhdr 2025/02/07 v5.2 Extensive control of page headers and footers
\f@nch@headwidth=\skip65
\f@nch@offset@elh=\skip66
\f@nch@offset@erh=\skip67
\f@nch@offset@olh=\skip68
\f@nch@offset@orh=\skip69
\f@nch@offset@elf=\skip70
\f@nch@offset@erf=\skip71
\f@nch@offset@olf=\skip72
\f@nch@offset@orf=\skip73
\f@nch@height=\skip74
\f@nch@footalignment=\skip75
\f@nch@widthL=\skip76
\f@nch@widthC=\skip77
\f@nch@widthR=\skip78
\@temptokenb=\toks29
) (c:/Users/behem/AppData/Roaming/TinyTeX/texmf-dist/tex/latex/bookmark/bookmark.sty
Package: bookmark 2023-12-10 v1.31 PDF bookmarks (HO)
(c:/Users/behem/AppData/Roaming/TinyTeX/texmf-dist/tex/latex/hyperref/hyperref.sty
Package: hyperref 2026-01-29 v7.01p Hypertext links for LaTeX
(c:/Users/behem/AppData/Roaming/TinyTeX/texmf-dist/tex/latex/kvsetkeys/kvsetkeys.sty
Package: kvsetkeys 2022-10-05 v1.19 Key value parser (HO)
) (c:/Users/behem/AppData/Roaming/TinyTeX/texmf-dist/tex/generic/kvdefinekeys/kvdefinekeys.sty
Package: kvdefinekeys 2019-12-19 v1.6 Define keys (HO)
) (c:/Users/behem/AppData/Roaming/TinyTeX/texmf-dist/tex/generic/pdfescape/pdfescape.sty
Package: pdfescape 2019/12/09 v1.15 Implements pdfTeX's escape features (HO)
(c:/Users/behem/AppData/Roaming/TinyTeX/texmf-dist/tex/generic/ltxcmds/ltxcmds.sty
Package: ltxcmds 2023-12-04 v1.26 LaTeX kernel commands for general use (HO)
) (c:/Users/behem/AppData/Roaming/TinyTeX/texmf-dist/tex/generic/pdftexcmds/pdftexcmds.sty
Package: pdftexcmds 2020-06-27 v0.33 Utility functions of pdfTeX for LuaTeX (HO)
(c:/Users/behem/AppData/Roaming/TinyTeX/texmf-dist/tex/generic/infwarerr/infwarerr.sty
Package: infwarerr 2019/12/03 v1.5 Providing info/warning/error messages (HO)
)
Package pdftexcmds Info: \pdf@primitive is available.
Package pdftexcmds Info: \pdf@ifprimitive is available.
Package pdftexcmds Info: \pdfdraftmode not found.
)) (c:/Users/behem/AppData/Roaming/TinyTeX/texmf-dist/tex/latex/hycolor/hycolor.sty
Package: hycolor 2020-01-27 v1.10 Color options for hyperref/bookmark (HO)
) (c:/Users/behem/AppData/Roaming/TinyTeX/texmf-dist/tex/latex/hyperref/nameref.sty
Package: nameref 2026-01-29 v2.58 Cross-referencing by name of section
(c:/Users/behem/AppData/Roaming/TinyTeX/texmf-dist/tex/latex/refcount/refcount.sty
Package: refcount 2019/12/15 v3.6 Data extraction from label references (HO)
) (c:/Users/behem/AppData/Roaming/TinyTeX/texmf-dist/tex/generic/gettitlestring/gettitlestring.sty
Package: gettitlestring 2019/12/15 v1.6 Cleanup title references (HO)
(c:/Users/behem/AppData/Roaming/TinyTeX/texmf-dist/tex/latex/kvoptions/kvoptions.sty
Package: kvoptions 2022-06-15 v3.15 Key value format for package options (HO)
))
\c@section@level=\count329
) (c:/Users/behem/AppData/Roaming/TinyTeX/texmf-dist/tex/generic/stringenc/stringenc.sty
Package: stringenc 2019/11/29 v1.12 Convert strings between diff. encodings (HO)
)
\@linkdim=\dimen191
\Hy@linkcounter=\count330
\Hy@pagecounter=\count331
(c:/Users/behem/AppData/Roaming/TinyTeX/texmf-dist/tex/latex/hyperref/pd1enc.def
File: pd1enc.def 2026-01-29 v7.01p Hyperref: PDFDocEncoding definition (HO)
) (c:/Users/behem/AppData/Roaming/TinyTeX/texmf-dist/tex/generic/intcalc/intcalc.sty
Package: intcalc 2019/12/15 v1.3 Expandable calculations with integers (HO)
)
\Hy@SavedSpaceFactor=\count332
(c:/Users/behem/AppData/Roaming/TinyTeX/texmf-dist/tex/latex/hyperref/puenc.def
File: puenc.def 2026-01-29 v7.01p Hyperref: PDF Unicode definition (HO)
)
Package hyperref Info: Option `unicode' set `true' on input line 4072.
Package hyperref Info: Hyper figures OFF on input line 4201.
Package hyperref Info: Link nesting OFF on input line 4206.
Package hyperref Info: Hyper index ON on input line 4209.
Package hyperref Info: Plain pages OFF on input line 4216.
Package hyperref Info: Backreferencing OFF on input line 4221.
Package hyperref Info: Implicit mode ON; LaTeX internals redefined.
Package hyperref Info: Bookmarks ON on input line 4468.
\c@Hy@tempcnt=\count333
(c:/Users/behem/AppData/Roaming/TinyTeX/texmf-dist/tex/latex/url/url.sty
\Urlmuskip=\muskip19
Package: url 2013/09/16  ver 3.4  Verb mode for urls, etc.
)
LaTeX Info: Redefining \url on input line 4807.
\XeTeXLinkMargin=\dimen192
(c:/Users/behem/AppData/Roaming/TinyTeX/texmf-dist/tex/generic/bitset/bitset.sty
Package: bitset 2019/12/09 v1.3 Handle bit-vector datatype (HO)
(c:/Users/behem/AppData/Roaming/TinyTeX/texmf-dist/tex/generic/bigintcalc/bigintcalc.sty
Package: bigintcalc 2019/12/15 v1.5 Expandable calculations on big integers (HO)
))
\Fld@menulength=\count334
\Field@Width=\dimen193
\Fld@charsize=\dimen194
Package hyperref Info: Hyper figures OFF on input line 6084.
Package hyperref Info: Link nesting OFF on input line 6089.
Package hyperref Info: Hyper index ON on input line 6092.
Package hyperref Info: backreferencing OFF on input line 6099.
Package hyperref Info: Link coloring OFF on input line 6104.
Package hyperref Info: Link coloring with OCG OFF on input line 6109.
Package hyperref Info: PDF/A mode OFF on input line 6114.
\Hy@abspage=\count335
\c@Item=\count336
\c@Hfootnote=\count337
)
Package hyperref Info: Driver (autodetected): hxetex.
(c:/Users/behem/AppData/Roaming/TinyTeX/texmf-dist/tex/latex/hyperref/hxetex.def
File: hxetex.def 2026-01-29 v7.01p Hyperref driver for XeTeX
\pdfm@box=\box64
\c@Hy@AnnotLevel=\count338
\HyField@AnnotCount=\count339
\Fld@listcount=\count340
\c@bookmark@seq@number=\count341
(c:/Users/behem/AppData/Roaming/TinyTeX/texmf-dist/tex/latex/rerunfilecheck/rerunfilecheck.sty
Package: rerunfilecheck 2025-06-21 v1.11 Rerun checks for auxiliary files (HO)
(c:/Users/behem/AppData/Roaming/TinyTeX/texmf-dist/tex/generic/uniquecounter/uniquecounter.sty
Package: uniquecounter 2019/12/15 v1.4 Provide unlimited unique counter (HO)
)
Package uniquecounter Info: New unique counter `rerunfilecheck' on input line 284.
)
\Hy@SectionHShift=\skip79
) (c:/Users/behem/AppData/Roaming/TinyTeX/texmf-dist/tex/latex/bookmark/bkm-dvipdfm.def
File: bkm-dvipdfm.def 2023-12-10 v1.31 bookmark driver for dvipdfm (HO)
\BKM@id=\count342
)) (./bookdownproj.aux
LaTeX Info: Redefining \. on input line 11.
LaTeX Info: Redefining \% on input line 11.
Package babel Info: 'spanish' activates 'spanish' shorthands.
(babel)             Reported on input line 11.

LaTeX Warning: Label `tab:regresion-multiple' multiply defined.


LaTeX Warning: Label `tab:intervalos' multiply defined.


LaTeX Warning: Label `tab:bondad-ajuste' multiply defined.


LaTeX Warning: Label `tab:transformaciones-log' multiply defined.

)
\openout1 = `bookdownproj.aux'.

LaTeX Font Info:    Checking defaults for OML/cmm/m/it on input line 168.
LaTeX Font Info:    ... okay on input line 168.
LaTeX Font Info:    Checking defaults for OMS/cmsy/m/n on input line 168.
LaTeX Font Info:    ... okay on input line 168.
LaTeX Font Info:    Checking defaults for OT1/cmr/m/n on input line 168.
LaTeX Font Info:    ... okay on input line 168.
LaTeX Font Info:    Checking defaults for T1/cmr/m/n on input line 168.
LaTeX Font Info:    ... okay on input line 168.
LaTeX Font Info:    Checking defaults for TS1/cmr/m/n on input line 168.
LaTeX Font Info:    ... okay on input line 168.
LaTeX Font Info:    Checking defaults for TU/lmr/m/n on input line 168.
LaTeX Font Info:    ... okay on input line 168.
LaTeX Font Info:    Checking defaults for OMX/cmex/m/n on input line 168.
LaTeX Font Info:    ... okay on input line 168.
LaTeX Font Info:    Checking defaults for U/cmr/m/n on input line 168.
LaTeX Font Info:    ... okay on input line 168.
LaTeX Font Info:    Checking defaults for PD1/pdf/m/n on input line 168.
LaTeX Font Info:    ... okay on input line 168.
LaTeX Font Info:    Checking defaults for PU/pdf/m/n on input line 168.
LaTeX Font Info:    ... okay on input line 168.
LaTeX Font Info:    Overwriting math alphabet `\mathrm' in version `normal'
(Font)                  OT1/lmr/m/n --> TU/lmr/m/n on input line 168.
LaTeX Font Info:    Overwriting math alphabet `\mathit' in version `normal'
(Font)                  OT1/lmr/m/it --> TU/lmr/m/it on input line 168.
LaTeX Font Info:    Overwriting math alphabet `\mathbf' in version `normal'
(Font)                  OT1/lmr/bx/n --> TU/lmr/bx/n on input line 168.
LaTeX Font Info:    Overwriting math alphabet `\mathsf' in version `normal'
(Font)                  OT1/lmss/m/n --> TU/lmss/m/n on input line 168.
LaTeX Font Info:    Overwriting math alphabet `\mathsf' in version `bold'
(Font)                  OT1/lmss/bx/n --> TU/lmss/bx/n on input line 168.
LaTeX Font Info:    Overwriting math alphabet `\mathtt' in version `normal'
(Font)                  OT1/lmtt/m/n --> TU/lmtt/m/n on input line 168.
LaTeX Font Info:    Overwriting math alphabet `\mathtt' in version `bold'
(Font)                  OT1/lmtt/m/n --> TU/lmtt/bx/n on input line 168.

Package fontspec Info: 
(fontspec)             latinmodern-math scale = 0.9989520677190833.


Package fontspec Info: 
(fontspec)             latinmodern-math scale = 0.9989520677190833.


Package fontspec Info: 
(fontspec)             latinmodern-math scale = 0.9989520677190833.


Package fontspec Info: 
(fontspec)             Font family 'latinmodern-math.otf(0)' created for font
(fontspec)             'latinmodern-math.otf' with options
(fontspec)             [Scale=MatchLowercase,BoldItalicFont={},ItalicFont={},SmallCapsFont={},Script=Math,BoldFont={latinmodern-math.otf}].
(fontspec)              
(fontspec)              This font family consists of the following NFSS
(fontspec)             series/shapes:
(fontspec)              
(fontspec)             - 'normal' (m/n) with NFSS spec.:
(fontspec)             <->s*[0.9989520677190833]"[latinmodern-math.otf]/OT:script=math;language=dflt;"
(fontspec)             - 'bold' (b/n) with NFSS spec.:
(fontspec)             <->s*[0.9989520677190833]"[latinmodern-math.otf]/OT:script=math;language=dflt;"

LaTeX Font Info:    Trying to load font information for T1+latinmodern-math.otf(0) on input line 168.
LaTeX Font Info:    No file T1latinmodern-math.otf(0).fd. on input line 168.

LaTeX Font Warning: Font shape `T1/latinmodern-math.otf(0)/m/n' undefined
(Font)              using `T1/cmr/m/n' instead on input line 168.


Package unicode-math Warning: The first font loaded by unicode-math must be an
(unicode-math)                OpenType Math font (with script=math). If you
(unicode-math)                simply want ‘the default’ before loading
(unicode-math)                supplementary fonts over the top for certain
(unicode-math)                ranges, use: 
(unicode-math)                  \setmathfont{latinmodern-math.otf}


Package fontspec Info: 
(fontspec)             latinmodern-math scale = 0.9989520677190833.


Package fontspec Info: 
(fontspec)             latinmodern-math scale = 0.9989520677190833.


Package fontspec Info: 
(fontspec)             latinmodern-math scale = 0.9989520677190833.


Package fontspec Info: 
(fontspec)             latinmodern-math scale = 0.9989520677190833.


Package fontspec Info: 
(fontspec)             latinmodern-math scale = 0.9989520677190833.


Package fontspec Info: 
(fontspec)             Font family 'latinmodern-math.otf(1)' created for font
(fontspec)             'latinmodern-math.otf' with options
(fontspec)             [Scale=MatchLowercase,BoldItalicFont={},ItalicFont={},SmallCapsFont={},Script=Math,SizeFeatures={{Size=0-},{Size=0-0,Font=latinmodern-math.otf,Style=MathScript},{Size=-0,Font=latinmodern-math.otf,Style=MathScriptScript}},BoldFont={latinmodern-math.otf}].
(fontspec)              
(fontspec)              This font family consists of the following NFSS
(fontspec)             series/shapes:
(fontspec)              
(fontspec)             - 'normal' (m/n) with NFSS spec.:
(fontspec)             <0->s*[0.9989520677190833]"[latinmodern-math.otf]/OT:script=math;language=dflt;"<0-0>s*[0.9989520677190833]"[latinmodern-math.otf]/OT:script=math;language=dflt;+ssty=0;"<-0>s*[0.9989520677190833]"[latinmodern-math.otf]/OT:script=math;language=dflt;+ssty=1;"
(fontspec)             - 'bold' (b/n) with NFSS spec.:
(fontspec)             <->s*[0.9989520677190833]"[latinmodern-math.otf]/OT:script=math;language=dflt;"

LaTeX Font Info:    Trying to load font information for T1+latinmodern-math.otf(1) on input line 168.
LaTeX Font Info:    No file T1latinmodern-math.otf(1).fd. on input line 168.

LaTeX Font Warning: Font shape `T1/latinmodern-math.otf(1)/m/n' undefined
(Font)              using `T1/cmr/m/n' instead on input line 168.

LaTeX Font Info:    Encoding `OT1' has changed to `T1' for symbol font
(Font)              `operators' in the math version `normal' on input line 168.
LaTeX Font Info:    Overwriting symbol font `operators' in version `normal'
(Font)                  OT1/lmr/m/n --> T1/latinmodern-math.otf(1)/m/n on input line 168.
LaTeX Font Info:    Encoding `OT1' has changed to `T1' for symbol font
(Font)              `operators' in the math version `bold' on input line 168.
LaTeX Font Info:    Overwriting symbol font `operators' in version `bold'
(Font)                  OT1/lmr/bx/n --> T1/latinmodern-math.otf(1)/b/n on input line 168.
LaTeX Info: Redefining \. on input line 168.
LaTeX Info: Redefining \% on input line 168.
*geometry* driver: auto-detecting
*geometry* detected driver: xetex
*geometry* verbose mode - [ preamble ] result:
* driver: xetex
* paper: a4paper
* layout: <same size as paper>
* layoutoffset:(h,v)=(0.0pt,0.0pt)
* modes: includehead includefoot 
* h-part:(L,W,R)=(71.13188pt, 455.24411pt, 71.13188pt)
* v-part:(T,H,B)=(71.13188pt, 702.78308pt, 71.13188pt)
* \paperwidth=597.50787pt
* \paperheight=845.04684pt
* \textwidth=455.24411pt
* \textheight=647.42065pt
* \oddsidemargin=-1.1381pt
* \evensidemargin=-1.1381pt
* \topmargin=-1.1381pt
* \headheight=12.0pt
* \headsep=18.06749pt
* \topskip=10.0pt
* \footskip=25.29494pt
* \marginparwidth=69.0pt
* \marginparsep=7.0pt
* \columnsep=10.0pt
* \skip\footins=9.0pt plus 4.0pt minus 2.0pt
* \hoffset=0.0pt
* \voffset=0.0pt
* \mag=1000
* \@twocolumnfalse
* \@twosidefalse
* \@mparswitchfalse
* \@reversemarginfalse
* (1in=72.27pt=25.4mm, 1cm=28.453pt)

Package hyperref Info: Link coloring OFF on input line 168.
LaTeX Font Info:    Trying to load font information for OML+lmm on input line 170.
(c:/Users/behem/AppData/Roaming/TinyTeX/texmf-dist/tex/latex/lm/omllmm.fd
File: omllmm.fd 2015/05/01 v1.6.1 Font defs for Latin Modern
)
LaTeX Font Info:    Trying to load font information for OMS+lmsy on input line 170.
(c:/Users/behem/AppData/Roaming/TinyTeX/texmf-dist/tex/latex/lm/omslmsy.fd
File: omslmsy.fd 2015/05/01 v1.6.1 Font defs for Latin Modern
)
LaTeX Font Info:    Trying to load font information for OMX+lmex on input line 170.
(c:/Users/behem/AppData/Roaming/TinyTeX/texmf-dist/tex/latex/lm/omxlmex.fd
File: omxlmex.fd 2015/05/01 v1.6.1 Font defs for Latin Modern
)
LaTeX Font Info:    External font `lmex10' loaded for size
(Font)              <12> on input line 170.
LaTeX Font Info:    External font `lmex10' loaded for size
(Font)              <8> on input line 170.
LaTeX Font Info:    External font `lmex10' loaded for size
(Font)              <6> on input line 170.
LaTeX Font Info:    Trying to load font information for U+msa on input line 170.
(c:/Users/behem/AppData/Roaming/TinyTeX/texmf-dist/tex/latex/amsfonts/umsa.fd
File: umsa.fd 2013/01/14 v3.01 AMS symbols A
)
LaTeX Font Info:    Trying to load font information for U+msb on input line 170.
(c:/Users/behem/AppData/Roaming/TinyTeX/texmf-dist/tex/latex/amsfonts/umsb.fd
File: umsb.fd 2013/01/14 v3.01 AMS symbols B
) [1


] (./bookdownproj.toc
LaTeX Info: Redefining \. on input line 1.
LaTeX Info: Redefining \% on input line 1.
LaTeX Font Info:    External font `lmex10' loaded for size
(Font)              <10> on input line 3.
LaTeX Font Info:    External font `lmex10' loaded for size
(Font)              <7> on input line 3.
LaTeX Font Info:    External font `lmex10' loaded for size
(Font)              <5> on input line 3.
[1

] [2] [3])
\tf@toc=\write3
\openout3 = `bookdownproj.toc'.

[4]
Capítulo 1.

Underfull \hbox (badness 10000) in paragraph at lines 187--187
[][][]\T1/lmr/m/it/8 Fuente: Ex-tra-ido de []$https : / / www . magni^^\c . com / es / vector -[] gratis / medidor -[] satisfaccion -[] emoji -[] pequeno _
 []


Underfull \hbox (badness 10000) in paragraph at lines 187--187
\T1/lmr/m/it/8 44156211 . htm # fromView = keyword&page = 1&position = 0&uuid = 484b5e55 -[] bf2d -[] 4120 -[] b59f -[] 55c1c2d67403&track = ais _
 []

File: images/emoji_satisfaction_meter.jpg Graphic file (type bmp)
<images/emoji_satisfaction_meter.jpg>
[5

]
Missing character: There is no ̄ ("304) in font ecrm1000!
Missing character: There is no 𝜇 ("1D707) in font ecrm1000!
Missing character: There is no ̄ ("304) in font ecrm1000!
Missing character: There is no ∑ ("2211) in font ecrm1000!

LaTeX Font Warning: Font shape `T1/latinmodern-math.otf(1)/b/n' undefined
(Font)              using `T1/latinmodern-math.otf(1)/m/n' instead on input line 227.

Missing character: There is no ̄ ("304) in font ecrm1000!
Missing character: There is no ̄ ("304) in font ecrm1000!
Missing character: There is no ̄ ("304) in font ecrm1000!
Missing character: There is no ̄ ("304) in font ecrm1000!
Missing character: There is no ̄ ("304) in font ecrm0700!
Missing character: There is no ̄ ("304) in font ecrm0500!
Missing character: There is no 𝜇 ("1D707) in font ecrm1000!
Missing character: There is no ∑ ("2211) in font ecrm1000!
[6]
Missing character: There is no 𝜇 ("1D707) in font ecrm1000!
Missing character: There is no 𝜇 ("1D707) in font ecrm1000!
Missing character: There is no 𝜇 ("1D707) in font ecrm1000!
Missing character: There is no 𝜇 ("1D707) in font ecrm1000!
Missing character: There is no 𝜇 ("1D707) in font ecrm0700!
Missing character: There is no 𝜇 ("1D707) in font ecrm0500!
Missing character: There is no ̄ ("304) in font ecrm1000!
Missing character: There is no 𝜇 ("1D707) in font ecrm1000!
Missing character: There is no ̄ ("304) in font ecrm1000!
Missing character: There is no 𝜇 ("1D707) in font ecrm1000!
Missing character: There is no ̄ ("304) in font ecrm1000!
Missing character: There is no ̄ ("304) in font ecrm1000!
Missing character: There is no ̄ ("304) in font ecrm1000!
Missing character: There is no ̄ ("304) in font ecrm1000!
Missing character: There is no ̄ ("304) in font ecrm0700!
Missing character: There is no ̄ ("304) in font ecrm0500!
Missing character: There is no 𝜇 ("1D707) in font ecrm1000!
Missing character: There is no 𝜇 ("1D707) in font ecrm1000!
Missing character: There is no 𝜇 ("1D707) in font ecrm1000!
Missing character: There is no 𝜇 ("1D707) in font ecrm1000!
Missing character: There is no 𝜇 ("1D707) in font ecrm0700!
Missing character: There is no 𝜇 ("1D707) in font ecrm0500!
Missing character: There is no − ("2212) in font ecrm1000!
Missing character: There is no 𝜎 ("1D70E) in font ecrm1000!
Missing character: There is no ̄ ("304) in font ecrm0700!
Missing character: There is no ∑ ("2211) in font ecrm1000!
Missing character: There is no ̄ ("304) in font ecrm1000!
Missing character: There is no − ("2212) in font ecrm1000!
Missing character: There is no ̄ ("304) in font ecrm1000!
Missing character: There is no ̄ ("304) in font ecrm1000!
Missing character: There is no ̄ ("304) in font ecrm1000!
Missing character: There is no ̄ ("304) in font ecrm1000!
Missing character: There is no ∑ ("2211) in font ecrm1000!
Missing character: There is no ̄ ("304) in font ecrm1000!
Missing character: There is no ̄ ("304) in font ecrm1000!
Missing character: There is no ̄ ("304) in font ecrm1000!
Missing character: There is no ̄ ("304) in font ecrm1000!
Missing character: There is no ∑ ("2211) in font ecrm1000!
Missing character: There is no 𝜎 ("1D70E) in font ecrm1000!
Missing character: There is no ̄ ("304) in font ecrm0700!
Missing character: There is no 𝜎 ("1D70E) in font ecrm1000!
Missing character: There is no ̄ ("304) in font ecrm0700!
[7]
Missing character: There is no 𝜇 ("1D707) in font ecrm1000!
Missing character: There is no 𝜎 ("1D70E) in font ecrm1000!
Missing character: There is no ̄ ("304) in font ecrm1000!
Missing character: There is no ⋯ ("22EF) in font ecrm1000!
Missing character: There is no ̄ ("304) in font ecrm1000!
Missing character: There is no ⋯ ("22EF) in font ecrm1000!
Missing character: There is no ̄ ("304) in font ecrm1000!
Missing character: There is no ⋯ ("22EF) in font ecrm1000!
Missing character: There is no ̄ ("304) in font ecrm1000!
Missing character: There is no 𝜎 ("1D70E) in font ecrm1000!
Missing character: There is no ̄ ("304) in font ecrm1000!
Missing character: There is no 𝜎 ("1D70E) in font ecrm1000!
Missing character: There is no 𝜎 ("1D70E) in font ecrm1000!
Missing character: There is no ̄ ("304) in font ecrm0700!
Missing character: There is no 𝜎 ("1D70E) in font ecrm1000!
Missing character: There is no 𝜎 ("1D70E) in font ecrm1000!
Missing character: There is no 𝜇 ("1D707) in font ecrm1000!
Missing character: There is no 𝜎 ("1D70E) in font ecrm1000!
Missing character: There is no ̄ ("304) in font ecrm1000!
Missing character: There is no ̄ ("304) in font ecrm1000!
Missing character: There is no ̄ ("304) in font ecrm1000!
Missing character: There is no 𝜇 ("1D707) in font ecrm1000!
Missing character: There is no 𝜎 ("1D70E) in font ecrm1000!
Missing character: There is no ̄ ("304) in font ecrm0700!
[8]
File: bookdownproj_files/figure-latex/TLC-1.pdf Graphic file (type pdf)
<use bookdownproj_files/figure-latex/TLC-1.pdf>
Missing character: There is no ̄ ("304) in font ecrm1000!
Missing character: There is no ̄ ("304) in font ecrm1000!
Missing character: There is no ̄ ("304) in font ecrm1000!
Missing character: There is no 𝜇 ("1D707) in font ecrm1000!
Missing character: There is no 𝜇 ("1D707) in font ecrm1000!
Missing character: There is no ̄ ("304) in font ecrm1000!
Missing character: There is no 𝜇 ("1D707) in font ecrm1000!
Missing character: There is no 𝜇 ("1D707) in font ecrm1000!
Missing character: There is no − ("2212) in font ecrm1000!
Missing character: There is no 𝛼 ("1D6FC) in font ecrm1000!
Missing character: There is no 𝛼 ("1D6FC) in font ecrm1000!
Missing character: There is no ≤ ("2264) in font ecrm1000!
Missing character: There is no 𝛼 ("1D6FC) in font ecrm1000!
Missing character: There is no ≤ ("2264) in font ecrm1000!
[9]
Missing character: There is no 𝜎 ("1D70E) in font ecrm1000!
Missing character: There is no ̄ ("304) in font ecrm0700!
Missing character: There is no ̄ ("304) in font ecrm1000!
Missing character: There is no 𝜇 ("1D707) in font ecrm1000!
Missing character: There is no ̄ ("304) in font ecrm1000!
Missing character: There is no 𝜇 ("1D707) in font ecrm1000!
Missing character: There is no 𝜎 ("1D70E) in font ecrm1000!
Missing character: There is no 𝛼 ("1D6FC) in font ecrm0500!
Missing character: There is no 𝜎 ("1D70E) in font ecrm1000!
Missing character: There is no 𝛼 ("1D6FC) in font ecrm0500!
Missing character: There is no 𝜎 ("1D70E) in font ecrm1000!
Missing character: There is no ̄ ("304) in font ecrm1000!
Missing character: There is no ̄ ("304) in font ecrm1000!
Missing character: There is no ̄ ("304) in font ecrm1000!
Missing character: There is no − ("2212) in font ecrm1000!
Missing character: There is no 𝛼 ("1D6FC) in font ecrm0500!
Missing character: There is no 𝜎 ("1D70E) in font ecrm1000!
Missing character: There is no ̄ ("304) in font ecrm1000!
Missing character: There is no 𝛼 ("1D6FC) in font ecrm0500!
Missing character: There is no 𝜎 ("1D70E) in font ecrm1000!
[10]
Missing character: There is no ̄ ("304) in font ecrm1000!
Missing character: There is no 𝜎 ("1D70E) in font ecrm1000!
Missing character: There is no 𝜇 ("1D707) in font ecrm1000!
Missing character: There is no 𝜇 ("1D707) in font ecrm1000!
Missing character: There is no 𝜇 ("1D707) in font ecrm1000!
Missing character: There is no ̄ ("304) in font ecrm1000!
Missing character: There is no 𝜎 ("1D70E) in font ecrm1000!
[11]
Missing character: There is no 𝜇 ("1D707) in font ecrm1000!
Missing character: There is no − ("2212) in font ecrm1000!
Missing character: There is no ̄ ("304) in font ecrm1000!
Missing character: There is no 𝜎 ("1D70E) in font ecrm1000!
Missing character: There is no 𝛼 ("1D6FC) in font ecrm0700!
Missing character: There is no − ("2212) in font ecrm1000!
Missing character: There is no 𝛼 ("1D6FC) in font ecrm0700!
Missing character: There is no ≤ ("2264) in font ecrm1000!
Missing character: There is no ≤ ("2264) in font ecrm1000!
Missing character: There is no 𝛼 ("1D6FC) in font ecrm0700!
Missing character: There is no ∶ ("2236) in font ecrm1000!
Missing character: There is no 𝜇 ("1D707) in font ecrm1000!
Missing character: There is no 𝜇 ("1D707) in font ecrm1000!
Missing character: There is no ∶ ("2236) in font ecrm1000!
Missing character: There is no 𝜇 ("1D707) in font ecrm1000!
Missing character: There is no ≤ ("2264) in font ecrm1000!
Missing character: There is no 𝜇 ("1D707) in font ecrm1000!
Missing character: There is no ∶ ("2236) in font ecrm1000!
Missing character: There is no 𝜇 ("1D707) in font ecrm1000!
Missing character: There is no ≥ ("2265) in font ecrm1000!
Missing character: There is no 𝜇 ("1D707) in font ecrm1000!
Missing character: There is no ∶ ("2236) in font ecrm1000!
Missing character: There is no 𝜇 ("1D707) in font ecrm1000!
Missing character: There is no ≠ ("2260) in font ecrm1000!
Missing character: There is no 𝜇 ("1D707) in font ecrm1000!
Missing character: There is no ∶ ("2236) in font ecrm1000!
Missing character: There is no 𝜇 ("1D707) in font ecrm1000!
Missing character: There is no 𝜇 ("1D707) in font ecrm1000!
Missing character: There is no ∶ ("2236) in font ecrm1000!
Missing character: There is no 𝜇 ("1D707) in font ecrm1000!
Missing character: There is no 𝜇 ("1D707) in font ecrm1000!
File: bookdownproj_files/figure-latex/unnamed-chunk-4-1.pdf Graphic file (type pdf)
<use bookdownproj_files/figure-latex/unnamed-chunk-4-1.pdf>
Missing character: There is no 𝛼 ("1D6FC) in font ecrm1000!
Missing character: There is no − ("2212) in font ecrm1000!
Missing character: There is no 𝛼 ("1D6FC) in font ecrm1000!
Missing character: There is no 𝛼 ("1D6FC) in font ecrm1000!
Missing character: There is no 𝛼 ("1D6FC) in font ecrm1000!
Missing character: There is no 𝛼 ("1D6FC) in font ecrm1000!
Missing character: There is no 𝛼 ("1D6FC) in font ecrm1000!
Missing character: There is no 𝛼 ("1D6FC) in font ecrm0700!
Missing character: There is no 𝛼 ("1D6FC) in font ecrm0500!
Missing character: There is no 𝛼 ("1D6FC) in font ecrm1000!
Missing character: There is no 𝜎 ("1D70E) in font ecrm1000!
Missing character: There is no ∶ ("2236) in font ecrm1000!
Missing character: There is no 𝜇 ("1D707) in font ecrm1000!
[12]
Missing character: There is no ∶ ("2236) in font ecrm1000!
Missing character: There is no 𝜇 ("1D707) in font ecrm1000!
Missing character: There is no ≠ ("2260) in font ecrm1000!
Missing character: There is no 𝜇 ("1D707) in font ecrm1000!
Missing character: There is no − ("2212) in font ecrm1000!
Missing character: There is no ̄ ("304) in font ecrm1000!
Missing character: There is no 𝜎 ("1D70E) in font ecrm1000!
Missing character: There is no 𝛼 ("1D6FC) in font ecrm0700!
Missing character: There is no 𝛼 ("1D6FC) in font ecrm1000!
Missing character: There is no 𝛼 ("1D6FC) in font ecrm1000!
Missing character: There is no ≥ ("2265) in font ecrm1000!
Missing character: There is no − ("2212) in font ecrm1000!
Missing character: There is no 𝛼 ("1D6FC) in font ecrm1000!
Missing character: There is no − ("2212) in font ecrm1000!
Missing character: There is no 𝛼 ("1D6FC) in font ecrm1000!
Missing character: There is no ≥ ("2265) in font ecrm1000!
Missing character: There is no ∶ ("2236) in font ecrm1000!
[13]
Capítulo 2.
[14

]
Capítulo 3.
LaTeX Font Info:    Trying to load font information for T1+lmtt on input line 555.
(c:/Users/behem/AppData/Roaming/TinyTeX/texmf-dist/tex/latex/lm/t1lmtt.fd
File: t1lmtt.fd 2015/05/01 v1.6.1 Font defs for Latin Modern
) [15

]
File: bookdownproj_files/figure-latex/variables-ejemplo-1.pdf Graphic file (type pdf)
<use bookdownproj_files/figure-latex/variables-ejemplo-1.pdf>
Missing character: There is no 𝜀 ("1D700) in font ecrm1000!
Missing character: There is no 𝜀 ("1D700) in font ecrm1000!
[16]
Missing character: There is no 𝜀 ("1D700) in font ecrm1000!
Missing character: There is no 𝛽 ("1D6FD) in font ecrm1000!
Missing character: There is no 𝛽 ("1D6FD) in font ecrm1000!
Missing character: There is no 𝜀 ("1D700) in font ecrm1000!
Missing character: There is no … ("2026) in font ecrm1000!
Missing character: There is no 𝛽 ("1D6FD) in font ecrm1000!
Missing character: There is no 𝛽 ("1D6FD) in font ecrm1000!
Missing character: There is no 𝜀 ("1D700) in font ecrm1000!
Missing character: There is no 𝛽 ("1D6FD) in font ecrm1000!
Missing character: There is no 𝛽 ("1D6FD) in font ecrm1000!
Missing character: There is no ̂ ("302) in font ecrm1000!
Missing character: There is no ̂ ("302) in font ecrm1000!
Missing character: There is no 𝛽 ("1D6FD) in font ecrm1000!
Missing character: There is no ̂ ("302) in font ecrm1000!
Missing character: There is no 𝛽 ("1D6FD) in font ecrm1000!
Missing character: There is no 𝛽 ("1D6FD) in font ecrm1000!
Missing character: There is no 𝛽 ("1D6FD) in font ecrm1000!
File: bookdownproj_files/figure-latex/regresion-simple-1.pdf Graphic file (type pdf)
<use bookdownproj_files/figure-latex/regresion-simple-1.pdf>
[17]
Missing character: There is no 𝛽 ("1D6FD) in font ecrm1000!
Missing character: There is no 𝛽 ("1D6FD) in font ecrm1000!
Missing character: There is no 𝛽 ("1D6FD) in font ecrm1000!
Missing character: There is no ⋯ ("22EF) in font ecrm1000!
Missing character: There is no 𝛽 ("1D6FD) in font ecrm1000!
Missing character: There is no 𝜀 ("1D700) in font ecrm1000!
Missing character: There is no 𝛽 ("1D6FD) in font ecrm1000!
Missing character: There is no 𝛽 ("1D6FD) in font ecrm1000!
Missing character: There is no 𝛽 ("1D6FD) in font ecrm1000!
Missing character: There is no 𝛽 ("1D6FD) in font ecrm1000!
Missing character: There is no 𝛽 ("1D6FD) in font ecrm0700!
Missing character: There is no 𝛽 ("1D6FD) in font ecrm0500!
Missing character: There is no 𝜀 ("1D700) in font ecrm1000!
Missing character: There is no 𝜀 ("1D700) in font ecrm1000!
Missing character: There is no 𝜀 ("1D700) in font ecrm1000!
Missing character: There is no 𝜀 ("1D700) in font ecrm1000!
Missing character: There is no 𝜀 ("1D700) in font ecrm0700!
Missing character: There is no 𝜀 ("1D700) in font ecrm0500!
Missing character: There is no 𝛽 ("1D6FD) in font ecrm1000!
Missing character: There is no 𝛽 ("1D6FD) in font ecrm1000!
Missing character: There is no 𝛽 ("1D6FD) in font ecrm1000!
Missing character: There is no 𝛽 ("1D6FD) in font ecrm1000!
Missing character: There is no 𝛽 ("1D6FD) in font ecrm0700!
Missing character: There is no 𝛽 ("1D6FD) in font ecrm0500!
Missing character: There is no 𝜀 ("1D700) in font ecrm1000!
Missing character: There is no 𝜀 ("1D700) in font ecrm1000!
Missing character: There is no 𝜀 ("1D700) in font ecrm1000!
Missing character: There is no 𝜀 ("1D700) in font ecrm1000!
Missing character: There is no 𝜀 ("1D700) in font ecrm0700!
Missing character: There is no 𝜀 ("1D700) in font ecrm0500!
Missing character: There is no 𝛽 ("1D6FD) in font ecrm1000!
Missing character: There is no 𝛽 ("1D6FD) in font ecrm1000!
[18]
Missing character: There is no 𝜀 ("1D700) in font ecrm1000!
Missing character: There is no 𝜀 ("1D700) in font ecrm1000!
Missing character: There is no 𝜎 ("1D70E) in font ecrm1000!
Missing character: There is no 𝜀 ("1D700) in font ecrm1000!
Missing character: There is no 𝜀 ("1D700) in font ecrm1000!
Missing character: There is no ≠ ("2260) in font ecrm1000!
Missing character: There is no 𝜀 ("1D700) in font ecrm1000!
Missing character: There is no ∼ ("223C) in font ecrm1000!
Missing character: There is no 𝜎 ("1D70E) in font ecrm1000!
File: bookdownproj_files/figure-latex/verificacion-supuestos-1.pdf Graphic file (type pdf)
<use bookdownproj_files/figure-latex/verificacion-supuestos-1.pdf>
[19]
File: bookdownproj_files/figure-latex/verificacion-supuestos-2.pdf Graphic file (type pdf)
<use bookdownproj_files/figure-latex/verificacion-supuestos-2.pdf>
[20]
Missing character: There is no 𝛽 ("1D6FD) in font ecrm1000!
Missing character: There is no 𝛽 ("1D6FD) in font ecrm1000!
Missing character: There is no 𝛽 ("1D6FD) in font ecrm1000!
Missing character: There is no 𝛽 ("1D6FD) in font ecrm1000!
Missing character: There is no 𝛽 ("1D6FD) in font ecrm0700!
Missing character: There is no 𝛽 ("1D6FD) in font ecrm0500!
Missing character: There is no 𝛽 ("1D6FD) in font ecrm1000!
Missing character: There is no 𝛽 ("1D6FD) in font ecrm1000!
Missing character: There is no 𝛽 ("1D6FD) in font ecrm1000!
Missing character: There is no 𝛽 ("1D6FD) in font ecrm1000!
Missing character: There is no 𝛽 ("1D6FD) in font ecrm0700!
Missing character: There is no 𝛽 ("1D6FD) in font ecrm0500!
Missing character: There is no ∑ ("2211) in font ecrm1000!
Missing character: There is no − ("2212) in font ecrm1000!
Missing character: There is no 𝛽 ("1D6FD) in font ecrm1000!
Missing character: There is no 𝛽 ("1D6FD) in font ecrm1000!
Missing character: There is no 𝛽 ("1D6FD) in font ecrm1000!
Missing character: There is no 𝛽 ("1D6FD) in font ecrm1000!
Missing character: There is no 𝛽 ("1D6FD) in font ecrm0700!
Missing character: There is no 𝛽 ("1D6FD) in font ecrm0500!
Missing character: There is no ̂ ("302) in font ecrm1000!
Missing character: There is no − ("2212) in font ecrm0700!
Missing character: There is no 𝛽 ("1D6FD) in font ecrm1000!
Missing character: There is no 𝛽 ("1D6FD) in font ecrm1000!
Missing character: There is no 𝛽 ("1D6FD) in font ecrm1000!
Missing character: There is no 𝛽 ("1D6FD) in font ecrm1000!
Missing character: There is no 𝛽 ("1D6FD) in font ecrm0700!
Missing character: There is no 𝛽 ("1D6FD) in font ecrm0500!
Missing character: There is no 𝛽 ("1D6FD) in font ecrm1000!
Missing character: There is no 𝛽 ("1D6FD) in font ecrm1000!
Missing character: There is no 𝛽 ("1D6FD) in font ecrm1000!
Missing character: There is no 𝛽 ("1D6FD) in font ecrm1000!
Missing character: There is no 𝛽 ("1D6FD) in font ecrm0700!
Missing character: There is no 𝛽 ("1D6FD) in font ecrm0500!
Missing character: There is no ̂ ("302) in font ecrm1000!
[21]
Missing character: There is no 𝛽 ("1D6FD) in font ecrm1000!
Missing character: There is no 𝛽 ("1D6FD) in font ecrm1000!
Missing character: There is no 𝛽 ("1D6FD) in font ecrm1000!
Missing character: There is no 𝛽 ("1D6FD) in font ecrm1000!
Missing character: There is no 𝛽 ("1D6FD) in font ecrm0700!
Missing character: There is no 𝛽 ("1D6FD) in font ecrm0500!
Missing character: There is no 𝛽 ("1D6FD) in font ecrm1000!
Missing character: There is no 𝛽 ("1D6FD) in font ecrm1000!
Missing character: There is no 𝛽 ("1D6FD) in font ecrm1000!
Missing character: There is no 𝛽 ("1D6FD) in font ecrm1000!
Missing character: There is no 𝛽 ("1D6FD) in font ecrm0700!
Missing character: There is no 𝛽 ("1D6FD) in font ecrm0500!
Missing character: There is no → ("2192) in font ecrm0700!
Missing character: There is no ∞ ("221E) in font ecrm0700!
Missing character: There is no ̂ ("302) in font ecrm1000!
Missing character: There is no 𝛽 ("1D6FD) in font ecrm1000!
Missing character: There is no 𝛽 ("1D6FD) in font ecrm1000!
Missing character: There is no 𝛽 ("1D6FD) in font ecrm1000!
Missing character: There is no 𝛽 ("1D6FD) in font ecrm1000!
Missing character: There is no 𝛽 ("1D6FD) in font ecrm0700!
Missing character: There is no 𝛽 ("1D6FD) in font ecrm0500!
Missing character: There is no − ("2212) in font ecrm1000!
Missing character: There is no − ("2212) in font ecrm1000!
Missing character: There is no − ("2212) in font ecrm0700!
Missing character: There is no − ("2212) in font ecrm0500!
Missing character: There is no − ("2212) in font ecrm1000!
Missing character: There is no − ("2212) in font ecrm1000!
Missing character: There is no − ("2212) in font ecrm0700!
Missing character: There is no − ("2212) in font ecrm0500!
Missing character: There is no → ("2192) in font ecrm1000!
Missing character: There is no 𝛽 ("1D6FD) in font ecrm1000!
Missing character: There is no 𝛽 ("1D6FD) in font ecrm1000!
Missing character: There is no 𝛽 ("1D6FD) in font ecrm1000!
Missing character: There is no 𝛽 ("1D6FD) in font ecrm1000!
Missing character: There is no 𝛽 ("1D6FD) in font ecrm0700!
Missing character: There is no 𝛽 ("1D6FD) in font ecrm0500!
Missing character: There is no ̂ ("302) in font ecrm1000!
Missing character: There is no 𝜎 ("1D70E) in font ecrm1000!
Missing character: There is no − ("2212) in font ecrm0700!
Missing character: There is no 𝜎 ("1D70E) in font ecrm1000!
Missing character: There is no ̂ ("302) in font ecrm1000!
Missing character: There is no 𝜎 ("1D70E) in font ecrm1000!
Missing character: There is no ∑ ("2211) in font ecrm1000!
Missing character: There is no ̂ ("302) in font ecrm1000!
Missing character: There is no 𝜀 ("1D700) in font ecrm1000!
Missing character: There is no − ("2212) in font ecrm1000!
Missing character: There is no − ("2212) in font ecrm1000!
Missing character: There is no − ("2212) in font ecrm1000!
Missing character: There is no − ("2212) in font ecrm1000!
Missing character: There is no − ("2212) in font ecrm1000!
Missing character: There is no − ("2212) in font ecrm1000!
Missing character: There is no ̂ ("302) in font ecrm1000!
Missing character: There is no 𝛽 ("1D6FD) in font ecrm1000!
Missing character: There is no ∼ ("223C) in font ecrm1000!
Missing character: There is no 𝛽 ("1D6FD) in font ecrm1000!
Missing character: There is no 𝜎 ("1D70E) in font ecrm1000!
Missing character: There is no − ("2212) in font ecrm0700!
Missing character: There is no ̂ ("302) in font ecrm1000!
Missing character: There is no 𝛽 ("1D6FD) in font ecrm1000!
Missing character: There is no − ("2212) in font ecrm1000!
Missing character: There is no 𝛽 ("1D6FD) in font ecrm1000!
Missing character: There is no ̂ ("302) in font ecrm1000!
Missing character: There is no 𝛽 ("1D6FD) in font ecrm1000!
Missing character: There is no ∼ ("223C) in font ecrm1000!
Missing character: There is no − ("2212) in font ecrm0700!
Missing character: There is no − ("2212) in font ecrm0700!
Missing character: There is no ∶ ("2236) in font ecrm1000!
Missing character: There is no 𝛽 ("1D6FD) in font ecrm1000!
Missing character: There is no ∶ ("2236) in font ecrm1000!
Missing character: There is no 𝛽 ("1D6FD) in font ecrm1000!
Missing character: There is no ≠ ("2260) in font ecrm1000!
Missing character: There is no ∶ ("2236) in font ecrm1000!
Missing character: There is no 𝛽 ("1D6FD) in font ecrm1000!
Missing character: There is no 𝛽 ("1D6FD) in font ecrm1000!
Missing character: There is no ⋯ ("22EF) in font ecrm1000!
Missing character: There is no 𝛽 ("1D6FD) in font ecrm1000!
Missing character: There is no − ("2212) in font ecrm1000!
Missing character: There is no − ("2212) in font ecrm1000!
Missing character: There is no − ("2212) in font ecrm1000!
Missing character: There is no ∼ ("223C) in font ecrm1000!
Missing character: There is no − ("2212) in font ecrm0700!
Missing character: There is no − ("2212) in font ecrm0700!
[22]
Missing character: There is no ̂ ("302) in font ecrm1000!
Missing character: There is no 𝛽 ("1D6FD) in font ecrm1000!
Missing character: There is no 𝛼 ("1D6FC) in font ecrm0700!
Missing character: There is no − ("2212) in font ecrm0700!
Missing character: There is no − ("2212) in font ecrm0700!
Missing character: There is no ̂ ("302) in font ecrm1000!
Missing character: There is no 𝛽 ("1D6FD) in font ecrm1000!
Missing character: There is no ̂ ("302) in font ecrm1000!
Missing character: There is no 𝛼 ("1D6FC) in font ecrm0700!
Missing character: There is no − ("2212) in font ecrm0700!
Missing character: There is no − ("2212) in font ecrm0700!
Missing character: There is no ̂ ("302) in font ecrm1000!
Missing character: There is no ̂ ("302) in font ecrm1000!
Missing character: There is no 𝛼 ("1D6FC) in font ecrm0700!
Missing character: There is no − ("2212) in font ecrm0700!
Missing character: There is no − ("2212) in font ecrm0700!
Missing character: There is no ̂ ("302) in font ecrm1000!
Missing character: There is no ̂ ("302) in font ecrm1000!
Missing character: There is no 𝜎 ("1D70E) in font ecrm1000!
[23]
Missing character: There is no − ("2212) in font ecrm1000!
Missing character: There is no ̄ ("304) in font ecrm1000!
Missing character: There is no − ("2212) in font ecrm1000!
Missing character: There is no − ("2212) in font ecrm1000!
Missing character: There is no − ("2212) in font ecrm1000!
Missing character: There is no − ("2212) in font ecrm1000!
Missing character: There is no ̂ ("302) in font ecrm1000!
Missing character: There is no 𝜀 ("1D700) in font ecrm1000!
Missing character: There is no − ("2212) in font ecrm1000!
Missing character: There is no ̂ ("302) in font ecrm1000!
[24]
Missing character: There is no ̂ ("302) in font ecrm1000!
Missing character: There is no 𝜀 ("1D700) in font ecrm1000!
Missing character: There is no ̂ ("302) in font ecrm1000!
Missing character: There is no 𝜎 ("1D70E) in font ecrm1000!
Missing character: There is no ̂ ("302) in font ecrm1000!
Missing character: There is no 𝜀 ("1D700) in font ecrm1000!
Missing character: There is no ̂ ("302) in font ecrm1000!
Missing character: There is no 𝜎 ("1D70E) in font ecrm1000!
Missing character: There is no − ("2212) in font ecrm1000!
File: bookdownproj_files/figure-latex/diagnosticos-avanzados-1.pdf Graphic file (type pdf)
<use bookdownproj_files/figure-latex/diagnosticos-avanzados-1.pdf>
[25] [26]
Overfull \vbox (24.79541pt too high) has occurred while \output is active []

[27]
File: bookdownproj_files/figure-latex/residuos-detallado-1.pdf Graphic file (type pdf)
<use bookdownproj_files/figure-latex/residuos-detallado-1.pdf>
File: bookdownproj_files/figure-latex/observaciones-influyentes-1.pdf Graphic file (type pdf)
<use bookdownproj_files/figure-latex/observaciones-influyentes-1.pdf>
[28]
Missing character: There is no 𝜀 ("1D700) in font ecrm1000!
Missing character: There is no ≠ ("2260) in font ecrm1000!
Missing character: There is no 𝜎 ("1D70E) in font ecrm1000!
[29]
Overfull \hbox (43.50444pt too wide) in paragraph at lines 1329--1329
[]\T1/lmtt/m/n/10 ## Warning in library(package, lib.loc = lib.loc, character.only = TRUE, logical.return = TRUE,[] 
 []

[30]
File: bookdownproj_files/figure-latex/autocorrelacion-1.pdf Graphic file (type pdf)
<use bookdownproj_files/figure-latex/autocorrelacion-1.pdf>
[31]
Missing character: There is no ̂ ("302) in font ecrm1000!
Missing character: There is no 𝜎 ("1D70E) in font ecrm1000!
Missing character: There is no ̂ ("302) in font ecrm1000!
Missing character: There is no 𝜎 ("1D70E) in font ecrm1000!

Overfull \hbox (61.62204pt too wide) in paragraph at lines 1397--1414
 [][] 
 []


Overfull \hbox (133.95732pt too wide) in paragraph at lines 1422--1433
 [][] 
 []

[32] [33]
File: bookdownproj_files/figure-latex/interacciones-1.pdf Graphic file (type pdf)
<use bookdownproj_files/figure-latex/interacciones-1.pdf>
[34]
File: bookdownproj_files/figure-latex/transformaciones-no-lineales-1.pdf Graphic file (type pdf)
<use bookdownproj_files/figure-latex/transformaciones-no-lineales-1.pdf>
[35]
Missing character: There is no 𝛽 ("1D6FD) in font ecrm1000!
Missing character: There is no 𝛽 ("1D6FD) in font ecrm1000!
Missing character: There is no 𝛽 ("1D6FD) in font ecrm1000!
Missing character: There is no 𝛽 ("1D6FD) in font ecrm1000!
Missing character: There is no 𝛽 ("1D6FD) in font ecrm1000!
Missing character: There is no ≈ ("2248) in font ecrm1000!
Missing character: There is no 𝛽 ("1D6FD) in font ecrm1000!
Missing character: There is no 𝛽 ("1D6FD) in font ecrm1000!
Missing character: There is no 𝛽 ("1D6FD) in font ecrm1000!
Missing character: There is no ≈ ("2248) in font ecrm1000!
Missing character: There is no 𝛽 ("1D6FD) in font ecrm1000!
Missing character: There is no 𝛽 ("1D6FD) in font ecrm1000!
Missing character: There is no 𝛽 ("1D6FD) in font ecrm1000!
[36]
File: bookdownproj_files/figure-latex/metricas-predictivas-1.pdf Graphic file (type pdf)
<use bookdownproj_files/figure-latex/metricas-predictivas-1.pdf>
[37] [38]
Missing character: There is no 𝜇 ("1D707) in font ecrm1000!
Missing character: There is no 𝜇 ("1D707) in font ecrm1000!
Missing character: There is no ∈ ("2208) in font ecrm1000!
Missing character: There is no − ("2212) in font ecrm1000!
Missing character: There is no 𝛽 ("1D6FD) in font ecrm1000!
Missing character: There is no 𝛽 ("1D6FD) in font ecrm1000!
Missing character: There is no ⋯ ("22EF) in font ecrm1000!
Missing character: There is no 𝛽 ("1D6FD) in font ecrm1000!
[39]
File: bookdownproj_files/figure-latex/regresion-logistica-1.pdf Graphic file (type pdf)
<use bookdownproj_files/figure-latex/regresion-logistica-1.pdf>
Missing character: There is no ≈ ("2248) in font ecrm1000!
Missing character: There is no 𝛽 ("1D6FD) in font ecrm0700!
Missing character: There is no ‖ ("2016) in font ecrm1000!
Missing character: There is no − ("2212) in font ecrm1000!
Missing character: There is no 𝛽 ("1D6FD) in font ecrm1000!
Missing character: There is no ‖ ("2016) in font ecrm1000!
Missing character: There is no 𝜆 ("1D706) in font ecrm1000!
Missing character: There is no ‖ ("2016) in font ecrm1000!
Missing character: There is no 𝛽 ("1D6FD) in font ecrm1000!
Missing character: There is no ‖ ("2016) in font ecrm1000!
Missing character: There is no 𝛽 ("1D6FD) in font ecrm0700!
Missing character: There is no ‖ ("2016) in font ecrm1000!
Missing character: There is no − ("2212) in font ecrm1000!
Missing character: There is no 𝛽 ("1D6FD) in font ecrm1000!
Missing character: There is no ‖ ("2016) in font ecrm1000!
Missing character: There is no 𝜆 ("1D706) in font ecrm1000!
Missing character: There is no ‖ ("2016) in font ecrm1000!
Missing character: There is no 𝛽 ("1D6FD) in font ecrm1000!
Missing character: There is no ‖ ("2016) in font ecrm1000!
File: bookdownproj_files/figure-latex/regularizacion-1.pdf Graphic file (type pdf)
<use bookdownproj_files/figure-latex/regularizacion-1.pdf>
File: bookdownproj_files/figure-latex/regularizacion-2.pdf Graphic file (type pdf)
<use bookdownproj_files/figure-latex/regularizacion-2.pdf>
[40] [41] [42]
Missing character: There is no • ("2022) in font ec-lmtt10!
Missing character: There is no • ("2022) in font ec-lmtt10!
Missing character: There is no • ("2022) in font ec-lmtt10!
Missing character: There is no • ("2022) in font ec-lmtt10!
Missing character: There is no • ("2022) in font ec-lmtt10!
Missing character: There is no • ("2022) in font ec-lmtt10!
Missing character: There is no • ("2022) in font ec-lmtt10!
Missing character: There is no ⚠ ("26A0) in font ec-lmtt10!
Missing character: There is no ️ ("FE0F) in font ec-lmtt10!
[43]
Missing character: There is no ⚠ ("26A0) in font ec-lmtt10!
Missing character: There is no ️ ("FE0F) in font ec-lmtt10!
Missing character: There is no ⚠ ("26A0) in font ec-lmtt10!
Missing character: There is no ️ ("FE0F) in font ec-lmtt10!
Missing character: There is no • ("2022) in font ec-lmtt10!
Missing character: There is no • ("2022) in font ec-lmtt10!
Missing character: There is no • ("2022) in font ec-lmtt10!
[44] [45] [46]
Capítulo 4.
[47

] [48]
Overfull \vbox (316.92525pt too high) has occurred while \output is active []

[49] [50]
Capítulo 5.
[51

] [52]
Overfull \vbox (139.02318pt too high) has occurred while \output is active []

[53] [54] (./bookdownproj.aux
LaTeX Info: Redefining \. on input line 11.
LaTeX Info: Redefining \% on input line 11.
)
 ***********
LaTeX2e <2025-11-01>
L3 programming layer <2026-01-19>
 ***********

LaTeX Font Warning: Some font shapes were not available, defaults substituted.


LaTeX Warning: There were multiply-defined labels.

 ) 
Here is how much of TeX's memory you used:
 19434 strings out of 470176
 361210 string characters out of 5476490
 855998 words of memory out of 5000000
 47752 multiletter control sequences out of 15000+600000
 699678 words of font info for 112 fonts, out of 8000000 for 9000
 14 hyphenation exceptions out of 8191
 90i,12n,113p,738b,757s stack positions out of 10000i,1000n,20000p,200000b,200000s

Output written on bookdownproj.pdf (55 pages).
